WLS_TRANSPORT_2.9 {
  global:
    wls_transport_abi_version;
    wls_transport_build_id;
    wls_transport_last_error;
    wls_transport_get_versions;
    wls_tls_context_new;
    wls_tls_context_retain;
    wls_tls_context_release;
    wls_tls_context_capabilities;
    wls_tls_context_set_ticket_ring;
    wls_tls_context_get_stats;
    wls_h3_server_new;
    wls_h3_server_bind;
    wls_h3_server_bind_linux_route;
    wls_h3_server_activate_linux_route;
    wls_h3_server_get_linux_route_status;
    wls_h3_server_fd;
    wls_h3_server_dup_fd;
    wls_h3_server_wait_fd;
    wls_h3_server_dup_wait_fd;
    wls_h3_server_bound_port;
    wls_h3_server_bind_datagram_worker;
    wls_h3_server_begin_drain;
    wls_h3_server_poll;
    wls_h3_server_next_request;
    wls_h3_server_respond;
    wls_h3_server_close_request;
    wls_h3_server_get_stats;
    wls_h3_server_destroy;
    wls_h3_datagram_router_new;
    wls_h3_datagram_router_bind;
    wls_h3_datagram_router_publish_workers;
    wls_h3_datagram_router_bound_port;
    wls_h3_datagram_router_dup_fd;
    wls_h3_datagram_router_wait_fd;
    wls_h3_datagram_router_poll;
    wls_h3_datagram_router_get_stats;
    wls_h3_datagram_router_destroy;
  local:
    *;
};
